#-----------------------------------------------------------
# Vivado v2021.2 (64-bit)
# SW Build 3367213 on Tue Oct 19 02:48:09 MDT 2021
# IP Build 3369179 on Thu Oct 21 08:25:16 MDT 2021
# Start of session at: Sat Dec 10 16:07:57 2022
# Process ID: 336
# Current directory: C:/Users/supad/Desktop/RISCV_dmsolomon
# Command line: vivado.exe -gui_launcher_event rodinguilauncherevent20652 C:\Users\supad\Desktop\RISCV_dmsolomon\RISCV_dmsolomon.xpr
# Log file: C:/Users/supad/Desktop/RISCV_dmsolomon/vivado.log
# Journal file: C:/Users/supad/Desktop/RISCV_dmsolomon\vivado.jou
# Running On: DrewXPS15, OS: Windows, CPU Frequency: 2208 MHz, CPU Physical cores: 6, Host memory: 34076 MB
#-----------------------------------------------------------
start_gui
open_project C:/Users/supad/Desktop/RISCV_dmsolomon/RISCV_dmsolomon.xpr
launch_simulation
source tb_top.tcl
update_compile_order -fileset sources_1
current_wave_config {Untitled 1}
add_wave {{/tb_top/uut/ram0/inst/\native_mem_module.blk_mem_gen_v8_4_5_inst /memory}} 
relaunch_sim
close_sim
